******************************************************************************
                  TI ARM Linker PC v20.2.7                     
******************************************************************************
>> Linked Sat Feb  7 01:00:00 2026

OUTPUT FILE NAME:   <tms570_gio_test.out>
ENTRY POINT SYMBOL: "_c_int00"  address: 000065a4


MEMORY CONFIGURATION

         name            origin    length      used     unused   attr    fill
----------------------  --------  ---------  --------  --------  ----  --------
  VECTORS               00000000   00000020  00000020  00000000     X
  FLASH0                00000020   0013ffe0  00006e18  001391c8  R  X
  STACKS                08000000   00001500  00000000  00001500  RW  
  RAM                   08001500   0002eb00  00000000  0002eb00  RW  


SEGMENT ALLOCATION MAP

run origin  load origin   length   init length attrs members
----------  ----------- ---------- ----------- ----- -------
00000000    00000000    00006e38   00006e38    r-x
  00000000    00000000    00000020   00000020    r-x .intvecs
  00000020    00000020    00006c18   00006c18    r-x .text
  00006c38    00006c38    00000200   00000200    r-- .const


SECTION ALLOCATION MAP

 output                                  attributes/
section   page    origin      length       input sections
--------  ----  ----------  ----------   ----------------
.intvecs   0    00000000    00000020     
                  00000000    00000020     sys_intvecs.obj (.intvecs)

.text      0    00000020    00006c18     
                  00000020    00002cdc     sys_selftest.obj (.text)
                  00002cfc    00000b64     system.obj (.text)
                  00003860    00000a54     sys_vim.obj (.text)
                  000042b4    000008ac     pinmux.obj (.text)
                  00004b60    00000664     errata_SSWF021_45.obj (.text)
                  000051c4    000005bc     esm.obj (.text)
                  00005780    00000484     gio.obj (.text)
                  00005c04    00000388     io_driver.obj (.text)
                  00005f8c    0000034c     sys_core.obj (.text)
                  000062d8    000002cc     sys_vim.obj (.text:retain)
                  000065a4    00000288     sys_startup.obj (.text:retain)
                  0000682c    00000114     esm.obj (.text:retain)
                  00006940    000000e8     dabort.obj (.text)
                  00006a28    000000e0     sys_pmu.obj (.text)
                  00006b08    00000080     notification.obj (.text)
                  00006b88    00000060     sys_main.obj (.text)
                  00006be8    00000044     rtsv7R4_T_be_v3D16_eabi.lib : autoinit.c.obj (.text:__TI_auto_init_nobinit_nopinit:__TI_auto_init_nobinit_nopinit)
                  00006c2c    00000004                                 : exit.c.obj (.text:abort:abort)
                  00006c30    00000004     sys_phantom.obj (.text:retain)
                  00006c34    00000004     sys_startup.obj (.text)

.const     0    00006c38    00000200     
                  00006c38    00000200     sys_vim.obj (.const:s_vim_init)

.cinit     0    00000020    00000000     UNINITIALIZED

__llvm_prf_cnts 
*          0    08001500    00000000     UNINITIALIZED

MODULE SUMMARY

       Module                  code    ro data   rw data
       ------                  ----    -------   -------
    .\source\
       sys_selftest.obj        11484   0         0      
       sys_vim.obj             3360    512       0      
       system.obj              2916    0         0      
       pinmux.obj              2220    0         0      
       esm.obj                 1744    0         0      
       errata_SSWF021_45.obj   1636    0         0      
       gio.obj                 1156    0         0      
       io_driver.obj           904     0         0      
       sys_core.obj            844     0         0      
       sys_startup.obj         652     0         0      
       dabort.obj              232     0         0      
       sys_pmu.obj             224     0         0      
       notification.obj        128     0         0      
       sys_main.obj            96      0         0      
       sys_intvecs.obj         32      0         0      
       sys_phantom.obj         4       0         0      
    +--+-----------------------+-------+---------+---------+
       Total:                  27632   512       0      
                                                        
    C:/ti/ccs1281/ccs/tools/compiler/ti-cgt-arm_20.2.7.LTS/lib/rtsv7R4_T_be_v3D16_eabi.lib
       autoinit.c.obj          68      0         0      
       exit.c.obj              4       0         0      
    +--+-----------------------+-------+---------+---------+
       Total:                  72      0         0      
                                                        
    +--+-----------------------+-------+---------+---------+
       Grand Total:            27704   512       0      


GLOBAL SYMBOLS: SORTED ALPHABETICALLY BY Name 

address   name                                
-------   ----                                
00006c2d  C$$EXIT                             
UNDEFED   SHT$$INIT_ARRAY$$Base               
UNDEFED   SHT$$INIT_ARRAY$$Limit              
UNDEFED   __TI_CINIT_Base                     
UNDEFED   __TI_CINIT_Limit                    
UNDEFED   __TI_Handler_Table_Base             
UNDEFED   __TI_Handler_Table_Limit            
000062d0  __TI_PINIT_Base                     
000062d4  __TI_PINIT_Limit                    
00006be9  __TI_auto_init_nobinit_nopinit      
ffffffff  __TI_pprof_out_hndl                 
ffffffff  __TI_prof_data_size                 
ffffffff  __TI_prof_data_start                
00000000  __TI_static_base__                  
ffffffff  __binit__                           
ffffffff  __c_args__                          
08001500  __start___llvm_prf_cnts             
08001500  __stop___llvm_prf_cnts              
000065a4  _c_int00                            
000061e8  _coreClearAuxiliaryDataFault_       
000061fc  _coreClearAuxiliaryInstructionFault_
000061c0  _coreClearDataFaultAddress_         
00006198  _coreClearDataFault_                
000061d4  _coreClearInstructionFaultAddress_  
000061ac  _coreClearInstructionFault_         
0000612c  _coreDisableEventBusExport_         
00006170  _coreDisableFlashEcc_               
0000614c  _coreDisableRamEcc_                 
0000611c  _coreEnableEventBusExport_          
0000615c  _coreEnableFlashEcc_                
00006180  _coreEnableIrqVicOffset_            
0000613c  _coreEnableRamEcc_                  
00006104  _coreEnableVfp_                     
000061e0  _coreGetAuxiliaryDataFault_         
000061f4  _coreGetAuxiliaryInstructionFault_  
000061b8  _coreGetDataFaultAddress_           
00006190  _coreGetDataFault_                  
000061cc  _coreGetInstructionFaultAddress_    
000061a4  _coreGetInstructionFault_           
00005f8c  _coreInitRegisters_                 
00006098  _coreInitStackPointer_              
00006940  _dabort                             
00006210  _disable_FIQ_interrupt_             
00006218  _disable_IRQ_interrupt_             
00006208  _disable_interrupt_                 
00006220  _enable_interrupt_                  
000062b0  _errata_CORTEXR4_57_                
000062c0  _errata_CORTEXR4_66_                
00004b60  _errata_SSWF021_45_both_plls        
00004d54  _errata_SSWF021_45_pll1             
00004ecc  _errata_SSWF021_45_pll2             
00006228  _esmCcmErrorsClear_                 
000060e4  _getCPSRValue_                      
000060ec  _gotoCPUIdle_                       
00006a84  _pmuDisableCountersGlobal_          
00006a74  _pmuEnableCountersGlobal_           
00006ae0  _pmuGetCycleCount_                  
00006ae8  _pmuGetEventCount_                  
00006af4  _pmuGetOverflow_                    
00006a28  _pmuInit_                           
00006ab4  _pmuResetCounters_                  
00006a94  _pmuResetCycleCounter_              
00006aa4  _pmuResetEventCounters_             
00006ad4  _pmuSetCountEvent_                  
00006ac4  _pmuStartCounters_                  
00006acc  _pmuStopCounters_                   
UNDEFED   _system_post_cinit                  
00006c2d  abort                               
0000126c  adc1ParityCheck                     
00001358  adc2ParityCheck                     
ffffffff  binit                               
00001410  can1ParityCheck                     
000014e8  can2ParityCheck                     
000015b0  can3ParityCheck                     
00000030  ccmSelfCheck                        
000026fc  ccmr4GetConfigValue                 
00000938  checkB0RAMECC                       
00000b28  checkB1RAMECC                       
00001c18  checkClockMonitor                   
00000d18  checkFlashECC                       
00001cf4  checkFlashEEPROMECC                 
00001e8c  checkPLL1Slip                       
00001f8c  checkPLL2Slip                       
00002050  checkRAMAddrParity                  
000019d0  checkRAMECC                         
0000215c  checkRAMUERRTest                    
000007bc  checkefcSelfTest                    
00000234  cpuSelfTest                         
00000dfc  cpuSelfTestFail                     
00003784  customTrimLPO                       
00000df4  custom_dabort                       
00002b58  disableParity                       
00006b74  dmaGroupANotification               
00000eac  dmaParityCheck                      
00005c04  ecu_io_init                         
00005c9c  ecu_io_read_input                   
00005ee0  ecu_io_toggle_output                
00005df0  ecu_io_write_output                 
00000660  efcCheck                            
00002660  efcGetConfigValue                   
00000794  efcSelfTest                         
000006e8  efcStuckZeroTest                    
00002ad0  enableParity                        
0000276c  errata_PBIST_4                      
00005348  esmActivateNormalOperation          
0000541c  esmClearStatus                      
0000545c  esmClearStatusBuffer                
00005310  esmDisableError                     
00005380  esmDisableInterrupt                 
000052e8  esmEnableError                      
00005358  esmEnableInterrupt                  
00005554  esmEnterSelfTest                    
000052cc  esmError                            
0000562c  esmGetConfigValue                   
00005498  esmGetStatus                        
0000551c  esmGetStatusBuffer                  
00006b08  esmGroup1Notification               
00006b18  esmGroup2Notification               
0000682c  esmHighInterrupt                    
000051c4  esmInit                             
000055dc  esmSelfTestStatus                   
00005478  esmSetCounterPreloadValue           
000053a8  esmSetInterruptLevel                
00005338  esmTriggerErrorPinReset             
000022c4  fmcBus1ParityCheck                  
0000085c  fmcBus2Check                        
00000898  fmcECCcheck                         
000059e0  gioDisableNotification              
00005978  gioEnableNotification               
000058e0  gioGetBit                           
00005a48  gioGetConfigValue                   
00005908  gioGetPort                          
00005780  gioInit                             
00006b60  gioNotification                     
00005870  gioSetBit                           
00005850  gioSetDirection                     
000058c0  gioSetPort                          
00005920  gioToggleBit                        
00006c34  handlePLLLockFail                   
00000f58  het1ParityCheck                     
000010c0  het2ParityCheck                     
00001004  htu1ParityCheck                     
000011bc  htu2ParityCheck                     
00006b88  main                                
00002e64  mapClocks                           
00000174  memoryInit                          
00006b28  memoryPort0TestFailNotification     
00006b44  memoryPort1TestFailNotification     
00001684  mibspi1ParityCheck                  
0000178c  mibspi3ParityCheck                  
000018b0  mibspi5ParityCheck                  
000042b4  muxInit                             
000023ec  pbistFail                           
00002470  pbistGetConfigValue                 
000005a8  pbistIsTestCompleted                
000005d4  pbistIsTestPassed                   
00000608  pbistPortTestStatus                 
000004ac  pbistRun                            
000002cc  pbistSelfCheck                      
00000578  pbistStop                           
00002e10  periphInit                          
00006c30  phantomInterrupt                    
00004750  pinmuxGetConfigValue                
00000000  resetEntry                          
00000020  selftestFailNotification            
00002dd0  setupFlash                          
00002cfc  setupPLL                            
00003648  sramGetConfigValue                  
000025bc  stcGetConfigValue                   
000001b8  stcSelfCheck                        
00000df8  stcSelfCheckFail                    
00003088  systemGetConfigValue                
00002f8c  systemInit                          
00003058  systemPowerDown                     
0000349c  tcmflashGetConfigValue              
00002d5c  trimLPO                             
00003934  vimChannelMap                       
00003ba0  vimDisableInterrupt                 
000039d8  vimEnableInterrupt                  
00003c4c  vimGetConfigValue                   
00003860  vimInit                             
00000e00  vimParityCheck                      
000062d8  vimParityErrorHandler               


GLOBAL SYMBOLS: SORTED BY Symbol Address 

address   name                                
-------   ----                                
00000000  __TI_static_base__                  
00000000  resetEntry                          
00000020  selftestFailNotification            
00000030  ccmSelfCheck                        
00000174  memoryInit                          
000001b8  stcSelfCheck                        
00000234  cpuSelfTest                         
000002cc  pbistSelfCheck                      
000004ac  pbistRun                            
00000578  pbistStop                           
000005a8  pbistIsTestCompleted                
000005d4  pbistIsTestPassed                   
00000608  pbistPortTestStatus                 
00000660  efcCheck                            
000006e8  efcStuckZeroTest                    
00000794  efcSelfTest                         
000007bc  checkefcSelfTest                    
0000085c  fmcBus2Check                        
00000898  fmcECCcheck                         
00000938  checkB0RAMECC                       
00000b28  checkB1RAMECC                       
00000d18  checkFlashECC                       
00000df4  custom_dabort                       
00000df8  stcSelfCheckFail                    
00000dfc  cpuSelfTestFail                     
00000e00  vimParityCheck                      
00000eac  dmaParityCheck                      
00000f58  het1ParityCheck                     
00001004  htu1ParityCheck                     
000010c0  het2ParityCheck                     
000011bc  htu2ParityCheck                     
0000126c  adc1ParityCheck                     
00001358  adc2ParityCheck                     
00001410  can1ParityCheck                     
000014e8  can2ParityCheck                     
000015b0  can3ParityCheck                     
00001684  mibspi1ParityCheck                  
0000178c  mibspi3ParityCheck                  
000018b0  mibspi5ParityCheck                  
000019d0  checkRAMECC                         
00001c18  checkClockMonitor                   
00001cf4  checkFlashEEPROMECC                 
00001e8c  checkPLL1Slip                       
00001f8c  checkPLL2Slip                       
00002050  checkRAMAddrParity                  
0000215c  checkRAMUERRTest                    
000022c4  fmcBus1ParityCheck                  
000023ec  pbistFail                           
00002470  pbistGetConfigValue                 
000025bc  stcGetConfigValue                   
00002660  efcGetConfigValue                   
000026fc  ccmr4GetConfigValue                 
0000276c  errata_PBIST_4                      
00002ad0  enableParity                        
00002b58  disableParity                       
00002cfc  setupPLL                            
00002d5c  trimLPO                             
00002dd0  setupFlash                          
00002e10  periphInit                          
00002e64  mapClocks                           
00002f8c  systemInit                          
00003058  systemPowerDown                     
00003088  systemGetConfigValue                
0000349c  tcmflashGetConfigValue              
00003648  sramGetConfigValue                  
00003784  customTrimLPO                       
00003860  vimInit                             
00003934  vimChannelMap                       
000039d8  vimEnableInterrupt                  
00003ba0  vimDisableInterrupt                 
00003c4c  vimGetConfigValue                   
000042b4  muxInit                             
00004750  pinmuxGetConfigValue                
00004b60  _errata_SSWF021_45_both_plls        
00004d54  _errata_SSWF021_45_pll1             
00004ecc  _errata_SSWF021_45_pll2             
000051c4  esmInit                             
000052cc  esmError                            
000052e8  esmEnableError                      
00005310  esmDisableError                     
00005338  esmTriggerErrorPinReset             
00005348  esmActivateNormalOperation          
00005358  esmEnableInterrupt                  
00005380  esmDisableInterrupt                 
000053a8  esmSetInterruptLevel                
0000541c  esmClearStatus                      
0000545c  esmClearStatusBuffer                
00005478  esmSetCounterPreloadValue           
00005498  esmGetStatus                        
0000551c  esmGetStatusBuffer                  
00005554  esmEnterSelfTest                    
000055dc  esmSelfTestStatus                   
0000562c  esmGetConfigValue                   
00005780  gioInit                             
00005850  gioSetDirection                     
00005870  gioSetBit                           
000058c0  gioSetPort                          
000058e0  gioGetBit                           
00005908  gioGetPort                          
00005920  gioToggleBit                        
00005978  gioEnableNotification               
000059e0  gioDisableNotification              
00005a48  gioGetConfigValue                   
00005c04  ecu_io_init                         
00005c9c  ecu_io_read_input                   
00005df0  ecu_io_write_output                 
00005ee0  ecu_io_toggle_output                
00005f8c  _coreInitRegisters_                 
00006098  _coreInitStackPointer_              
000060e4  _getCPSRValue_                      
000060ec  _gotoCPUIdle_                       
00006104  _coreEnableVfp_                     
0000611c  _coreEnableEventBusExport_          
0000612c  _coreDisableEventBusExport_         
0000613c  _coreEnableRamEcc_                  
0000614c  _coreDisableRamEcc_                 
0000615c  _coreEnableFlashEcc_                
00006170  _coreDisableFlashEcc_               
00006180  _coreEnableIrqVicOffset_            
00006190  _coreGetDataFault_                  
00006198  _coreClearDataFault_                
000061a4  _coreGetInstructionFault_           
000061ac  _coreClearInstructionFault_         
000061b8  _coreGetDataFaultAddress_           
000061c0  _coreClearDataFaultAddress_         
000061cc  _coreGetInstructionFaultAddress_    
000061d4  _coreClearInstructionFaultAddress_  
000061e0  _coreGetAuxiliaryDataFault_         
000061e8  _coreClearAuxiliaryDataFault_       
000061f4  _coreGetAuxiliaryInstructionFault_  
000061fc  _coreClearAuxiliaryInstructionFault_
00006208  _disable_interrupt_                 
00006210  _disable_FIQ_interrupt_             
00006218  _disable_IRQ_interrupt_             
00006220  _enable_interrupt_                  
00006228  _esmCcmErrorsClear_                 
000062b0  _errata_CORTEXR4_57_                
000062c0  _errata_CORTEXR4_66_                
000062d0  __TI_PINIT_Base                     
000062d4  __TI_PINIT_Limit                    
000062d8  vimParityErrorHandler               
000065a4  _c_int00                            
0000682c  esmHighInterrupt                    
00006940  _dabort                             
00006a28  _pmuInit_                           
00006a74  _pmuEnableCountersGlobal_           
00006a84  _pmuDisableCountersGlobal_          
00006a94  _pmuResetCycleCounter_              
00006aa4  _pmuResetEventCounters_             
00006ab4  _pmuResetCounters_                  
00006ac4  _pmuStartCounters_                  
00006acc  _pmuStopCounters_                   
00006ad4  _pmuSetCountEvent_                  
00006ae0  _pmuGetCycleCount_                  
00006ae8  _pmuGetEventCount_                  
00006af4  _pmuGetOverflow_                    
00006b08  esmGroup1Notification               
00006b18  esmGroup2Notification               
00006b28  memoryPort0TestFailNotification     
00006b44  memoryPort1TestFailNotification     
00006b60  gioNotification                     
00006b74  dmaGroupANotification               
00006b88  main                                
00006be9  __TI_auto_init_nobinit_nopinit      
00006c2d  C$$EXIT                             
00006c2d  abort                               
00006c30  phantomInterrupt                    
00006c34  handlePLLLockFail                   
08001500  __start___llvm_prf_cnts             
08001500  __stop___llvm_prf_cnts              
ffffffff  __TI_pprof_out_hndl                 
ffffffff  __TI_prof_data_size                 
ffffffff  __TI_prof_data_start                
ffffffff  __binit__                           
ffffffff  __c_args__                          
ffffffff  binit                               
UNDEFED   SHT$$INIT_ARRAY$$Base               
UNDEFED   SHT$$INIT_ARRAY$$Limit              
UNDEFED   __TI_CINIT_Base                     
UNDEFED   __TI_CINIT_Limit                    
UNDEFED   __TI_Handler_Table_Base             
UNDEFED   __TI_Handler_Table_Limit            
UNDEFED   _system_post_cinit                  

[183 symbols]
